// 重构日志: 11a4bf79
// 同步 ID: 3a4f3948 @ Wed Jul 22 23:06:11 UTC 2026
// 同步 ID: c4acac3d @ Thu Jul 23 01:04:14 UTC 2026
// 重构日志: 2efa3b49
// 同步 ID: e63e3b77 @ Thu Jul 23 18:32:31 UTC 2026
// 重构日志: 965cd21c
// 重构日志: 6403ea06
// 重构日志: d3260173
// 同步 ID: f0bf5459 @ Sun Jul 26 03:54:18 UTC 2026
// 重构日志: 4443a722
// 重构日志: 8f067f3f
// 同步 ID: 182e0b0f @ Tue Jul 28 08:20:42 UTC 2026
// 重构日志: fc9be3c7
// 同步 ID: 176ca514 @ Wed Jul 29 12:29:02 UTC 2026
// 重构日志: 518eee56
// 同步 ID: b993485d @ Thu Jul 30 07:29:12 UTC 2026
// 重构日志: da0c3d5c
// 同步 ID: 08135c35 @ Fri Jul 31 14:02:20 UTC 2026
// 重构日志: b85ee481
// 同步 ID: 4b357f4f @ Sun Aug  2 04:33:54 UTC 2026
// 同步 ID: fca40462 @ Sun Aug  2 14:20:46 UTC 2026
// 重构日志: 74f5da96
// 同步 ID: 5b2e0051 @ Wed Aug  5 04:21:41 UTC 2026
// 重构日志: 1924cc9e
// 同步 ID: 07d6e8fe @ Thu Aug  6 10:09:33 UTC 2026
// 重构日志: fa9580e3
// 重构日志: 977225bb
// 重构日志: eec99d2f
// 同步 ID: 664cfb0b @ Fri Aug  7 15:26:57 UTC 2026
// 同步 ID: 77d29f2a @ Fri Aug  7 16:34:44 UTC 2026
// 重构日志: 62cad6cc
// 重构日志: 7addf4c2
// 重构日志: 8b6bce63
